stm32f4xx_it.c:72:6:NMI_Handler	4	static
stm32f4xx_it.c:87:6:HardFault_Handler	4	static
stm32f4xx_it.c:102:6:MemManage_Handler	4	static
stm32f4xx_it.c:117:6:BusFault_Handler	4	static
stm32f4xx_it.c:132:6:UsageFault_Handler	4	static
stm32f4xx_it.c:147:6:SVC_Handler	4	static
stm32f4xx_it.c:160:6:DebugMon_Handler	4	static
stm32f4xx_it.c:173:6:PendSV_Handler	4	static
stm32f4xx_it.c:186:6:SysTick_Handler	8	static
stm32f4xx_it.c:207:6:TIM6_DAC_IRQHandler	8	static
stm32f4xx_it.c:227:6:HAL_TIM_PeriodElapsedCallback	16	static
stm32f4xx_it.c:263:6:EXTI0_IRQHandler	8	static
stm32f4xx_it.c:267:6:HAL_GPIO_EXTI_Callback	16	static
stm32f4xx_it.c:286:6:OTG_FS_IRQHandler	8	static
