15:37:41 **** Incremental Build of configuration Debug for project iwdg ****
make -j8 all 
arm-none-eabi-gcc "../Core/Src/main.c" -mcpu=cortex-m4 -std=gnu11 -g3 -DDEBUG -DUSE_HAL_DRIVER -DSTM32F407xx -c -I../USB_HOST/App -I../USB_HOST/Target -I../Core/Inc -I../Drivers/STM32F4xx_HAL_Driver/Inc -I../Drivers/STM32F4xx_HAL_Driver/Inc/Legacy -I../Middlewares/ST/STM32_USB_Host_Library/Core/Inc -I../Middlewares/ST/STM32_USB_Host_Library/Class/CDC/Inc -I../Drivers/CMSIS/Device/ST/STM32F4xx/Include -I../Drivers/CMSIS/Include -O0 -ffunction-sections -fdata-sections -Wall -fstack-usage -MMD -MP -MF"Core/Src/main.d" -MT"Core/Src/main.o" --specs=nano.specs -mfpu=fpv4-sp-d16 -mfloat-abi=hard -mthumb -o "Core/Src/main.o"
arm-none-eabi-gcc -o "iwdg.elf" @"objects.list"   -mcpu=cortex-m4 -T"C:\Users\Michal\STM32CubeIDE\workspace_1.8.0\iwdg\STM32F407VGTX_FLASH.ld" --specs=nosys.specs -Wl,-Map="iwdg.map" -Wl,--gc-sections -static --specs=nano.specs -mfpu=fpv4-sp-d16 -mfloat-abi=hard -mthumb -Wl,--start-group -lc -lm -Wl,--end-group
Finished building target: iwdg.elf
 
arm-none-eabi-size   iwdg.elf 
arm-none-eabi-objdump -h -S  iwdg.elf  > "iwdg.list"
arm-none-eabi-objcopy  -O binary  iwdg.elf  "iwdg.bin"
   text	   data	    bss	    dec	    hex	filename
  28424	    152	   3616	  32192	   7dc0	iwdg.elf
Finished building: default.size.stdout
 
Finished building: iwdg.bin
 
Finished building: iwdg.list
 

15:37:44 Build Finished. 0 errors, 0 warnings. (took 2s.227ms)

