14:40:40 **** Incremental Build of configuration Debug for project Test01 ****
make -j8 all 
arm-none-eabi-gcc "../Core/Src/stm32f4xx_it.c" -mcpu=cortex-m4 -std=gnu11 -g3 -DDEBUG -DUSE_HAL_DRIVER -DSTM32F407xx -c -I../USB_HOST/App -I../USB_HOST/Target -I../Core/Inc -I../Drivers/STM32F4xx_HAL_Driver/Inc -I../Drivers/STM32F4xx_HAL_Driver/Inc/Legacy -I../Middlewares/ST/STM32_USB_Host_Library/Core/Inc -I../Middlewares/ST/STM32_USB_Host_Library/Class/CDC/Inc -I../Drivers/CMSIS/Device/ST/STM32F4xx/Include -I../Drivers/CMSIS/Include -O0 -ffunction-sections -fdata-sections -Wall -fstack-usage -MMD -MP -MF"Core/Src/stm32f4xx_it.d" -MT"Core/Src/stm32f4xx_it.o" --specs=nano.specs -mfpu=fpv4-sp-d16 -mfloat-abi=hard -mthumb -o "Core/Src/stm32f4xx_it.o"
arm-none-eabi-gcc -o "Test01.elf" @"objects.list"   -mcpu=cortex-m4 -T"C:\Users\Michal\STM32CubeIDE\workspace_1.8.0\Test01\STM32F407VGTX_FLASH.ld" --specs=nosys.specs -Wl,-Map="Test01.map" -Wl,--gc-sections -static --specs=nano.specs -mfpu=fpv4-sp-d16 -mfloat-abi=hard -mthumb -Wl,--start-group -lc -lm -Wl,--end-group
Finished building target: Test01.elf
 
arm-none-eabi-size   Test01.elf 
arm-none-eabi-objdump -h -S  Test01.elf  > "Test01.list"
arm-none-eabi-objcopy  -O binary  Test01.elf  "Test01.bin"
   text	   data	    bss	    dec	    hex	filename
  32012	    152	   3608	  35772	   8bbc	Test01.elf
Finished building: default.size.stdout
 
Finished building: Test01.bin
 
Finished building: Test01.list
 

14:40:41 Build Finished. 0 errors, 0 warnings. (took 1s.766ms)

